Fri Sep  5 02:12:08 PM CET 2025: Low battery warning - 5% (discharging)
Fri Sep  5 02:14:08 PM CET 2025: CRITICAL battery warning - 3% (discharging)
Fri Sep  5 02:15:08 PM CET 2025: CRITICAL battery warning - 3% (charging)
Sun Sep  7 01:35:39 PM CET 2025: Low battery warning - 5% (discharging)
Thu Sep 11 01:36:24 PM CET 2025: Low battery warning - 5% (discharging)
Thu Sep 11 01:38:25 PM CET 2025: CRITICAL battery warning - 3% (discharging)
Thu Sep 11 01:39:25 PM CET 2025: CRITICAL battery warning - 3% (discharging)
Thu Sep 11 01:42:59 PM CET 2025: CRITICAL battery warning - 2% (charging)
Thu Sep 11 01:43:59 PM CET 2025: CRITICAL battery warning - 2% (charging)
Thu Sep 11 01:44:59 PM CET 2025: CRITICAL battery warning - 2% (charging)
Thu Sep 11 01:46:00 PM CET 2025: CRITICAL battery warning - 2% (charging)
Thu Sep 11 01:47:00 PM CET 2025: CRITICAL battery warning - 2% (charging)
Thu Sep 11 01:48:00 PM CET 2025: CRITICAL battery warning - 2% (charging)
Thu Sep 11 01:49:00 PM CET 2025: CRITICAL battery warning - 2% (charging)
Thu Sep 11 01:50:00 PM CET 2025: CRITICAL battery warning - 2% (charging)
Fri Sep 12 07:11:39 PM CET 2025: Low battery warning - 5% (discharging)
Sat Sep 13 12:44:53 PM CET 2025: Low battery warning - 5% (discharging)
Sun Sep 14 09:09:13 AM CET 2025: Low battery warning - 5% (discharging)
Sun Sep 14 05:39:07 PM CET 2025: Low battery warning - 5% (discharging)
Tue Sep 16 08:46:23 AM CET 2025: Low battery warning - 5% (discharging)
Tue Sep 16 09:39:42 PM CET 2025: Low battery warning - 5% (discharging)
Wed Sep 17 11:02:42 AM CET 2025: Low battery warning - 5% (discharging)
Thu Sep 18 12:33:03 PM CET 2025: Low battery warning - 5% (discharging)
Fri Sep 19 03:29:26 PM CET 2025: Low battery warning - 5% (discharging)
Fri Sep 19 07:44:35 PM CET 2025: Low battery warning - 5% (discharging)
Fri Sep 19 08:31:37 PM CET 2025: Low battery warning - 5% (discharging)
Sat Sep 20 04:23:54 PM CET 2025: Low battery warning - 5% (discharging)
Sun Sep 21 10:34:42 AM CET 2025: Low battery warning - 5% (discharging)
Mon Sep 22 07:40:02 PM CET 2025: Low battery warning - 5% (discharging)
Tue Sep 23 01:30:20 PM CET 2025: Low battery warning - 5% (discharging)
Tue Sep 23 09:49:23 PM CET 2025: Low battery warning - 5% (discharging)
Wed Sep 24 03:09:53 PM CET 2025: Low battery warning - 5% (discharging)
Wed Sep 24 09:12:36 PM CET 2025: Low battery warning - 5% (discharging)
Sun Sep 28 07:43:22 AM CET 2025: Low battery warning - 5% (discharging)
Sun Sep 28 07:56:03 AM CET 2025: Low battery warning - 5% (discharging)
Sun Sep 28 08:09:12 AM CET 2025: Low battery warning - 5% (discharging)
Sun Sep 28 08:18:11 AM CET 2025: Low battery warning - 4% (discharging)
Sat Oct  4 01:11:49 PM CET 2025: Low battery warning - 5% (discharging)
Sat Oct  4 01:16:49 PM CET 2025: Low battery warning - 4% (discharging)
Mon Oct  6 10:47:20 AM CET 2025: Low battery warning - 5% (discharging)
Tue Oct  7 06:57:53 PM CET 2025: Low battery warning - 5% (discharging)
Fri Oct 10 11:32:41 AM CET 2025: Low battery warning - 5% (discharging)
Fri Oct 10 02:30:37 PM CET 2025: Low battery warning - 5% (discharging)
Mon Oct 13 12:04:42 AM CET 2025: Low battery warning - 5% (discharging)
Mon Oct 13 12:20:13 AM CET 2025: Low battery warning - 5% (discharging)
Mon Oct 13 12:31:01 AM CET 2025: Low battery warning - 5% (discharging)
Mon Oct 13 12:54:30 AM CET 2025: Low battery warning - 4% (discharging)
Mon Oct 13 01:18:57 AM CET 2025: Low battery warning - 4% (discharging)
Mon Oct 13 01:45:17 AM CET 2025: Low battery warning - 4% (discharging)
Mon Oct 13 02:11:36 AM CET 2025: CRITICAL battery warning - 3% (discharging)
Mon Oct 13 02:37:55 AM CET 2025: CRITICAL battery warning - 3% (discharging)
Mon Oct 13 02:39:39 AM CET 2025: CRITICAL battery warning - 3% (discharging)
Mon Oct 13 03:09:24 AM CET 2025: CRITICAL battery warning - 3% (discharging)
Mon Oct 13 03:35:43 AM CET 2025: CRITICAL battery warning - 2% (discharging)
Mon Oct 13 07:56:14 PM CET 2025: Low battery warning - 5% (discharging)
Tue Oct 14 10:19:15 AM CET 2025: Low battery warning - 5% (discharging)
Tue Oct 14 10:24:54 AM CET 2025: Low battery warning - 4% (discharging)
Tue Oct 14 10:29:07 AM CET 2025: CRITICAL battery warning - 3% (discharging)
Tue Oct 14 10:30:32 AM CET 2025: CRITICAL battery warning - 3% (discharging)
Fri Oct 17 10:40:49 PM CET 2025: Low battery warning - 5% (discharging)
Sat Oct 18 04:02:23 PM CET 2025: Low battery warning - 5% (discharging)
Sun Oct 19 11:11:53 AM CET 2025: Low battery warning - 5% (discharging)
Tue Oct 21 05:58:58 AM CET 2025: Low battery warning - 5% (discharging)
Tue Oct 21 09:21:17 PM CET 2025: CRITICAL battery warning - 3% (discharging)
Tue Oct 21 09:22:17 PM CET 2025: CRITICAL battery warning - 2% (charging)
Tue Oct 21 09:23:18 PM CET 2025: CRITICAL battery warning - 3% (charging)
Tue Oct 21 09:36:19 PM CET 2025: Low battery warning - 5% (discharging)
Tue Oct 21 09:38:49 PM CET 2025: CRITICAL battery warning - 3% (discharging)
Tue Oct 21 09:39:49 PM CET 2025: CRITICAL battery warning - 3% (discharging)
Tue Oct 21 09:40:50 PM CET 2025: CRITICAL battery warning - 2% (charging)
Tue Oct 21 09:41:50 PM CET 2025: CRITICAL battery warning - 3% (charging)
Thu Oct 23 11:13:11 AM CET 2025: Low battery warning - 5% (discharging)
Thu Oct 23 11:30:10 AM CET 2025: Low battery warning - 4% (discharging)
Thu Oct 23 11:43:19 AM CET 2025: Low battery warning - 4% (pending-charge)
Thu Oct 23 07:52:52 PM CET 2025: Low battery warning - 5% (discharging)
Fri Oct 24 06:38:08 PM CET 2025: Low battery warning - 5% (discharging)
Fri Oct 24 06:41:08 PM CET 2025: CRITICAL battery warning - 3% (discharging)
Fri Oct 24 06:42:09 PM CET 2025: CRITICAL battery warning - 3% (discharging)
Fri Oct 24 06:43:09 PM CET 2025: CRITICAL battery warning - 2% (discharging)
Sun Oct 26 08:26:03 AM CET 2025: Low battery warning - 5% (discharging)
Mon Oct 27 08:00:27 PM CET 2025: Low battery warning - 5% (discharging)
Tue Oct 28 05:33:33 PM CET 2025: Low battery warning - 5% (discharging)
Wed Oct 29 09:12:02 AM CET 2025: CRITICAL battery warning - 3% (charging)
Wed Oct 29 09:13:02 AM CET 2025: CRITICAL battery warning - 3% (charging)
Wed Oct 29 09:14:02 AM CET 2025: CRITICAL battery warning - 3% (charging)
Wed Oct 29 09:15:02 AM CET 2025: CRITICAL battery warning - 3% (charging)
Wed Oct 29 09:16:02 AM CET 2025: CRITICAL battery warning - 3% (charging)
Wed Oct 29 09:17:02 AM CET 2025: CRITICAL battery warning - 3% (charging)
Thu Oct 30 06:52:24 AM CET 2025: CRITICAL battery warning - 3% (charging)
Thu Oct 30 06:53:24 AM CET 2025: CRITICAL battery warning - 3% (charging)
Thu Oct 30 06:54:25 AM CET 2025: CRITICAL battery warning - 3% (charging)
Thu Oct 30 06:55:25 AM CET 2025: CRITICAL battery warning - 3% (charging)
Thu Oct 30 06:56:25 AM CET 2025: CRITICAL battery warning - 3% (charging)
Thu Oct 30 06:57:25 AM CET 2025: CRITICAL battery warning - 3% (charging)
Thu Oct 30 06:58:25 AM CET 2025: CRITICAL battery warning - 3% (charging)
Thu Oct 30 06:59:25 AM CET 2025: CRITICAL battery warning - 3% (charging)
Thu Oct 30 09:56:15 PM CET 2025: Low battery warning - 5% (discharging)
Thu Oct 30 10:00:57 PM CET 2025: CRITICAL battery warning - 3% (discharging)
Thu Oct 30 10:02:21 PM CET 2025: CRITICAL battery warning - 3% (discharging)
Fri Oct 31 01:10:57 PM CET 2025: Low battery warning - 5% (discharging)
Fri Oct 31 01:14:28 PM CET 2025: CRITICAL battery warning - 3% (discharging)
Fri Oct 31 01:15:28 PM CET 2025: CRITICAL battery warning - 3% (charging)
Fri Oct 31 01:16:28 PM CET 2025: CRITICAL battery warning - 3% (charging)
Fri Oct 31 05:21:01 PM CET 2025: Low battery warning - 5% (discharging)
Fri Oct 31 10:59:49 PM CET 2025: Low battery warning - 5% (discharging)
Fri Oct 31 11:03:20 PM CET 2025: CRITICAL battery warning - 3% (discharging)
Fri Oct 31 11:04:20 PM CET 2025: CRITICAL battery warning - 3% (charging)
Sun Nov  2 12:33:55 AM CET 2025: Low battery warning - 5% (discharging)
Tue Nov 11 10:35:25 AM CET 2025: Low battery warning - 5% (discharging)
Tue Nov 11 10:37:55 AM CET 2025: CRITICAL battery warning - 3% (discharging)
Tue Nov 11 10:38:55 AM CET 2025: CRITICAL battery warning - 3% (charging)
Tue Nov 11 09:50:02 PM CET 2025: Low battery warning - 5% (discharging)
Tue Nov 11 09:54:02 PM CET 2025: CRITICAL battery warning - 3% (discharging)
Tue Nov 11 09:55:03 PM CET 2025: CRITICAL battery warning - 3% (charging)
Tue Nov 11 09:56:03 PM CET 2025: CRITICAL battery warning - 3% (charging)
Thu Nov 13 10:26:33 PM CET 2025: Low battery warning - 5% (discharging)
Fri Nov 14 06:48:48 PM CET 2025: Low battery warning - 5% (discharging)
Fri Nov 14 06:50:48 PM CET 2025: CRITICAL battery warning - 3% (charging)
Fri Nov 14 06:51:49 PM CET 2025: CRITICAL battery warning - 3% (charging)
Fri Nov 14 06:52:49 PM CET 2025: CRITICAL battery warning - 3% (charging)
Fri Nov 21 07:26:09 AM CET 2025: CRITICAL battery warning - 1% (charging)
Fri Nov 21 07:27:09 AM CET 2025: CRITICAL battery warning - 1% (charging)
Fri Nov 21 07:28:09 AM CET 2025: CRITICAL battery warning - 1% (charging)
Fri Nov 21 07:29:09 AM CET 2025: CRITICAL battery warning - 1% (charging)
Fri Nov 21 07:30:09 AM CET 2025: CRITICAL battery warning - 1% (charging)
Fri Nov 21 07:31:09 AM CET 2025: CRITICAL battery warning - 1% (charging)
Fri Nov 21 07:32:09 AM CET 2025: CRITICAL battery warning - 1% (charging)
Fri Nov 21 07:33:09 AM CET 2025: CRITICAL battery warning - 1% (charging)
Fri Nov 21 07:34:09 AM CET 2025: CRITICAL battery warning - 1% (charging)
Fri Nov 21 07:35:09 AM CET 2025: CRITICAL battery warning - 1% (charging)
Fri Nov 21 07:36:10 AM CET 2025: CRITICAL battery warning - 1% (charging)
Thu Nov 27 11:42:47 AM CET 2025: Low battery warning - 5% (discharging)
Fri Nov 28 01:49:29 PM CET 2025: Low battery warning - 5% (discharging)
Fri Nov 28 01:52:00 PM CET 2025: CRITICAL battery warning - 3% (discharging)
Fri Nov 28 01:53:00 PM CET 2025: CRITICAL battery warning - 3% (charging)
Fri Nov 28 11:19:02 PM CET 2025: Low battery warning - 5% (discharging)
Sat Nov 29 10:10:41 PM CET 2025: Low battery warning - 5% (discharging)
Tue Dec  2 04:22:04 PM CET 2025: Low battery warning - 5% (discharging)
Tue Dec  2 07:03:49 PM CET 2025: Low battery warning - 5% (discharging)
Tue Dec  2 07:06:20 PM CET 2025: CRITICAL battery warning - 3% (discharging)
Tue Dec  2 07:07:20 PM CET 2025: CRITICAL battery warning - 3% (charging)
Tue Dec  2 07:08:20 PM CET 2025: CRITICAL battery warning - 3% (charging)
Wed Dec  3 09:16:16 AM CET 2025: Low battery warning - 5% (discharging)
Wed Dec  3 09:18:47 AM CET 2025: CRITICAL battery warning - 3% (discharging)
Wed Dec  3 09:19:47 AM CET 2025: CRITICAL battery warning - 3% (charging)
Wed Dec  3 07:56:02 PM CET 2025: Low battery warning - 5% (discharging)
Wed Dec  3 07:58:32 PM CET 2025: CRITICAL battery warning - 3% (discharging)
Wed Dec  3 07:59:32 PM CET 2025: CRITICAL battery warning - 2% (charging)
Thu Dec  4 06:47:52 PM CET 2025: Low battery warning - 5% (discharging)
Fri Dec  5 07:59:31 AM CET 2025: Low battery warning - 5% (discharging)
Fri Dec  5 08:02:01 AM CET 2025: CRITICAL battery warning - 3% (discharging)
Fri Dec  5 08:03:01 AM CET 2025: CRITICAL battery warning - 3% (charging)
Fri Dec  5 08:04:01 AM CET 2025: CRITICAL battery warning - 3% (charging)
Sat Dec  6 10:17:33 PM CET 2025: Low battery warning - 5% (discharging)
Mon Dec  8 08:16:12 PM CET 2025: Low battery warning - 5% (discharging)
Tue Dec  9 08:50:49 PM CET 2025: Low battery warning - 5% (discharging)
Wed Dec 10 08:05:21 PM CET 2025: Low battery warning - 5% (discharging)
Thu Dec 11 10:15:06 AM CET 2025: CRITICAL battery warning - 1% (charging)
Thu Dec 11 10:16:06 AM CET 2025: CRITICAL battery warning - 1% (charging)
Thu Dec 11 10:17:06 AM CET 2025: CRITICAL battery warning - 1% (charging)
Thu Dec 11 10:18:06 AM CET 2025: CRITICAL battery warning - 1% (charging)
Thu Dec 11 10:19:06 AM CET 2025: CRITICAL battery warning - 1% (charging)
Thu Dec 11 10:20:06 AM CET 2025: CRITICAL battery warning - 1% (charging)
Thu Dec 11 10:21:06 AM CET 2025: CRITICAL battery warning - 1% (charging)
Thu Dec 11 10:22:07 AM CET 2025: CRITICAL battery warning - 1% (charging)
Thu Dec 11 10:23:07 AM CET 2025: CRITICAL battery warning - 1% (charging)
Sun Dec 14 09:27:01 AM CET 2025: CRITICAL battery warning - 1% (charging)
Sun Dec 14 09:28:01 AM CET 2025: CRITICAL battery warning - 1% (charging)
Sun Dec 14 09:29:01 AM CET 2025: CRITICAL battery warning - 1% (charging)
Sun Dec 14 09:30:01 AM CET 2025: CRITICAL battery warning - 1% (charging)
Sun Dec 14 09:31:01 AM CET 2025: CRITICAL battery warning - 1% (charging)
Sun Dec 14 09:32:01 AM CET 2025: CRITICAL battery warning - 1% (charging)
Sun Dec 14 09:33:02 AM CET 2025: CRITICAL battery warning - 1% (charging)
Sun Dec 14 09:34:02 AM CET 2025: CRITICAL battery warning - 1% (charging)
Mon Dec 15 12:30:13 AM CET 2025: Low battery warning - 5% (discharging)
Mon Dec 15 09:20:46 AM CET 2025: Low battery warning - 5% (discharging)
Mon Dec 15 08:22:38 PM CET 2025: Low battery warning - 5% (discharging)
Mon Dec 15 09:59:48 PM CET 2025: Low battery warning - 5% (discharging)
Wed Dec 17 04:10:51 AM CET 2025: Low battery warning - 5% (discharging)
Wed Dec 17 04:26:50 AM CET 2025: Low battery warning - 5% (discharging)
Wed Dec 17 04:41:52 AM CET 2025: Low battery warning - 5% (discharging)
Wed Dec 17 04:56:55 AM CET 2025: Low battery warning - 4% (discharging)
Wed Dec 17 05:11:57 AM CET 2025: Low battery warning - 4% (discharging)
Wed Dec 17 05:27:28 AM CET 2025: Low battery warning - 4% (discharging)
Wed Dec 17 05:47:12 AM CET 2025: CRITICAL battery warning - 3% (discharging)
Wed Dec 17 06:03:39 AM CET 2025: CRITICAL battery warning - 3% (discharging)
Wed Dec 17 06:20:34 AM CET 2025: CRITICAL battery warning - 3% (discharging)
Wed Dec 17 06:37:57 AM CET 2025: CRITICAL battery warning - 2% (discharging)
Wed Dec 17 09:04:31 AM CET 2025: CRITICAL battery warning - 3% (charging)
Wed Dec 17 09:05:31 AM CET 2025: CRITICAL battery warning - 3% (charging)
Wed Dec 17 09:06:31 AM CET 2025: CRITICAL battery warning - 3% (charging)
Wed Dec 17 09:07:31 AM CET 2025: CRITICAL battery warning - 3% (charging)
Wed Dec 17 09:08:31 AM CET 2025: CRITICAL battery warning - 3% (charging)
Fri Dec 19 09:06:06 AM CET 2025: Low battery warning - 5% (discharging)
Fri Dec 19 09:07:07 AM CET 2025: CRITICAL battery warning - 3% (discharging)
Fri Dec 19 09:08:07 AM CET 2025: CRITICAL battery warning - 2% (charging)
Fri Dec 19 09:09:07 AM CET 2025: CRITICAL battery warning - 2% (charging)
Fri Dec 19 09:10:07 AM CET 2025: CRITICAL battery warning - 2% (charging)
Fri Dec 19 09:11:07 AM CET 2025: CRITICAL battery warning - 3% (charging)
Fri Dec 19 09:12:07 AM CET 2025: CRITICAL battery warning - 3% (charging)
Fri Dec 19 09:13:07 AM CET 2025: CRITICAL battery warning - 3% (charging)
Fri Dec 19 09:14:07 AM CET 2025: CRITICAL battery warning - 3% (charging)
Thu Dec 25 10:00:31 AM CET 2025: CRITICAL battery warning - 2% (charging)
Thu Dec 25 10:01:31 AM CET 2025: CRITICAL battery warning - 2% (charging)
Thu Dec 25 05:37:34 PM CET 2025: Low battery warning - 5% (discharging)
Thu Dec 25 09:29:55 PM CET 2025: Low battery warning - 5% (discharging)
Thu Dec 25 09:33:25 PM CET 2025: CRITICAL battery warning - 3% (discharging)
Fri Dec 26 04:23:36 PM CET 2025: Low battery warning - 5% (discharging)
Sat Dec 27 07:14:29 PM CET 2025: Low battery warning - 5% (discharging)
Sat Dec 27 07:19:30 PM CET 2025: Low battery warning - 4% (discharging)
Sat Dec 27 07:20:00 PM CET 2025: CRITICAL battery warning - 3% (discharging)
Sat Dec 27 07:21:00 PM CET 2025: CRITICAL battery warning - 3% (discharging)
Sat Dec 27 07:22:00 PM CET 2025: CRITICAL battery warning - 3% (discharging)
Sat Dec 27 07:23:01 PM CET 2025: CRITICAL battery warning - 3% (discharging)
Sat Dec 27 07:57:36 PM CET 2025: CRITICAL battery warning - 2% (charging)
Sat Dec 27 07:58:36 PM CET 2025: CRITICAL battery warning - 2% (charging)
Sat Dec 27 07:59:36 PM CET 2025: CRITICAL battery warning - 2% (charging)
Sat Dec 27 08:00:36 PM CET 2025: CRITICAL battery warning - 2% (charging)
Sat Dec 27 08:01:36 PM CET 2025: CRITICAL battery warning - 2% (charging)
Sat Dec 27 08:02:36 PM CET 2025: CRITICAL battery warning - 2% (charging)
Sat Dec 27 08:03:36 PM CET 2025: CRITICAL battery warning - 2% (charging)
Sat Dec 27 08:04:37 PM CET 2025: CRITICAL battery warning - 2% (charging)
Sat Dec 27 08:05:37 PM CET 2025: CRITICAL battery warning - 2% (charging)
Wed Dec 31 01:07:40 PM CET 2025: Low battery warning - 5% (discharging)
Thu Jan  1 07:19:52 PM CET 2026: Low battery warning - 5% (discharging)
Sun Jan  4 06:59:47 PM CET 2026: Low battery warning - 5% (discharging)
Mon Jan  5 06:54:31 PM CET 2026: Low battery warning - 5% (discharging)
Mon Jan  5 06:59:32 PM CET 2026: CRITICAL battery warning - 3% (discharging)
Mon Jan  5 07:00:32 PM CET 2026: CRITICAL battery warning - 3% (discharging)
Mon Jan  5 07:01:32 PM CET 2026: CRITICAL battery warning - 3% (discharging)
Mon Jan  5 07:02:33 PM CET 2026: CRITICAL battery warning - 2% (discharging)
Mon Jan  5 08:36:26 PM CET 2026: CRITICAL battery warning - 3% (charging)
Mon Jan  5 08:37:26 PM CET 2026: CRITICAL battery warning - 3% (charging)
Mon Jan  5 08:38:26 PM CET 2026: CRITICAL battery warning - 3% (charging)
Mon Jan  5 08:39:26 PM CET 2026: CRITICAL battery warning - 3% (charging)
Mon Jan  5 08:40:26 PM CET 2026: CRITICAL battery warning - 3% (charging)
Fri Jan  9 02:56:15 PM CET 2026: Low battery warning - 5% (discharging)
Mon Jan 12 04:30:38 PM CET 2026: Low battery warning - 5% (discharging)
Mon Jan 12 08:46:03 PM CET 2026: Low battery warning - 5% (discharging)
Thu Jan 15 08:52:45 PM CET 2026: Low battery warning - 5% (discharging)
Fri Jan 16 11:16:06 AM CET 2026: Low battery warning - 5% (discharging)
Sat Jan 17 12:23:54 AM CET 2026: Low battery warning - 5% (discharging)
Sat Jan 17 12:27:55 AM CET 2026: CRITICAL battery warning - 3% (discharging)
Sat Jan 17 12:28:56 AM CET 2026: CRITICAL battery warning - 3% (charging)
Sat Jan 17 12:29:56 AM CET 2026: CRITICAL battery warning - 3% (charging)
Sat Jan 17 08:48:44 PM CET 2026: Low battery warning - 5% (discharging)
Sun Jan 18 07:39:44 AM CET 2026: Low battery warning - 5% (discharging)
Sun Jan 18 07:43:44 AM CET 2026: CRITICAL battery warning - 3% (charging)
Sun Jan 18 08:15:28 PM CET 2026: Low battery warning - 5% (discharging)
Sun Jan 18 08:16:58 PM CET 2026: CRITICAL battery warning - 3% (discharging)
Sun Jan 18 08:17:58 PM CET 2026: CRITICAL battery warning - 3% (charging)
Sun Jan 18 08:18:58 PM CET 2026: CRITICAL battery warning - 3% (charging)
Tue Jan 20 07:17:04 AM CET 2026: Low battery warning - 5% (discharging)
Wed Jan 21 12:23:13 AM CET 2026: Low battery warning - 5% (discharging)
Wed Jan 21 12:26:14 AM CET 2026: Low battery warning - 5% (discharging)
Wed Jan 21 12:46:26 AM CET 2026: Low battery warning - 4% (discharging)
Wed Jan 21 01:00:03 AM CET 2026: Low battery warning - 4% (discharging)
Wed Jan 21 01:11:43 AM CET 2026: CRITICAL battery warning - 3% (discharging)
Wed Jan 21 01:25:54 AM CET 2026: CRITICAL battery warning - 3% (discharging)
Wed Jan 21 01:39:32 AM CET 2026: CRITICAL battery warning - 3% (discharging)
Wed Jan 21 01:53:37 AM CET 2026: CRITICAL battery warning - 3% (discharging)
Wed Jan 21 02:07:42 AM CET 2026: CRITICAL battery warning - 2% (discharging)
Wed Jan 21 07:21:09 PM CET 2026: Low battery warning - 5% (discharging)
Wed Jan 21 07:26:09 PM CET 2026: CRITICAL battery warning - 3% (discharging)
Wed Jan 21 07:27:10 PM CET 2026: CRITICAL battery warning - 3% (discharging)
Wed Jan 21 07:28:10 PM CET 2026: CRITICAL battery warning - 2% (discharging)
Wed Jan 21 09:21:53 PM CET 2026: CRITICAL battery warning - 1% (charging)
Wed Jan 21 09:22:53 PM CET 2026: CRITICAL battery warning - 1% (charging)
Wed Jan 21 09:23:53 PM CET 2026: CRITICAL battery warning - 1% (charging)
Wed Jan 21 09:24:53 PM CET 2026: CRITICAL battery warning - 1% (charging)
Wed Jan 21 09:25:53 PM CET 2026: CRITICAL battery warning - 1% (charging)
Wed Jan 21 09:26:53 PM CET 2026: CRITICAL battery warning - 1% (charging)
Wed Jan 21 09:27:53 PM CET 2026: CRITICAL battery warning - 1% (charging)
Wed Jan 21 09:28:53 PM CET 2026: CRITICAL battery warning - 1% (charging)
Fri Jan 23 04:31:19 PM CET 2026: Low battery warning - 5% (discharging)
Fri Jan 23 04:35:20 PM CET 2026: CRITICAL battery warning - 3% (discharging)
Fri Jan 23 04:36:20 PM CET 2026: CRITICAL battery warning - 3% (discharging)
Fri Jan 23 04:37:20 PM CET 2026: CRITICAL battery warning - 2% (discharging)
Fri Jan 23 10:06:23 PM CET 2026: CRITICAL battery warning - 2% (charging)
Fri Jan 23 10:07:27 PM CET 2026: CRITICAL battery warning - 2% (charging)
Fri Jan 23 10:08:27 PM CET 2026: CRITICAL battery warning - 3% (charging)
Mon Jan 26 09:11:01 AM CET 2026: Low battery warning - 5% (discharging)
Thu Feb  5 09:43:47 AM CET 2026: CRITICAL battery warning - 3% (charging)
Thu Feb  5 09:44:47 AM CET 2026: CRITICAL battery warning - 3% (charging)
Thu Feb  5 09:45:47 AM CET 2026: CRITICAL battery warning - 3% (charging)
Thu Feb  5 09:46:47 AM CET 2026: CRITICAL battery warning - 3% (charging)
Thu Feb  5 09:47:47 AM CET 2026: CRITICAL battery warning - 3% (charging)
Thu Feb  5 09:48:47 AM CET 2026: CRITICAL battery warning - 3% (charging)
Sat Feb  7 09:39:51 PM CET 2026: Low battery warning - 5% (discharging)
Sun Feb  8 09:42:56 PM CET 2026: Low battery warning - 5% (discharging)
Sun Feb  8 10:00:27 PM CET 2026: CRITICAL battery warning - 3% (discharging)
