
2025/06/12 (13:16:21) | ===> btop++ v.1.4.0
2025/06/12 (13:16:21) | ERROR: No tty detected!
btop++ needs an interactive shell to run.

2025/06/12 (13:16:23) | ===> btop++ v.1.4.0
2025/06/12 (13:16:23) | ERROR: No tty detected!
btop++ needs an interactive shell to run.

2025/06/12 (13:16:24) | ===> btop++ v.1.4.0
2025/06/12 (13:16:24) | ERROR: No tty detected!
btop++ needs an interactive shell to run.

2025/06/12 (13:16:24) | ===> btop++ v.1.4.0
2025/06/12 (13:16:24) | ERROR: No tty detected!
btop++ needs an interactive shell to run.

2025/06/12 (13:16:26) | ===> btop++ v.1.4.0
2025/06/12 (13:16:26) | ERROR: No tty detected!
btop++ needs an interactive shell to run.

2025/06/12 (13:16:27) | ===> btop++ v.1.4.0
2025/06/12 (13:16:27) | ERROR: No tty detected!
btop++ needs an interactive shell to run.

2025/06/12 (13:16:31) | ===> btop++ v.1.4.0
2025/06/12 (13:16:31) | ERROR: No tty detected!
btop++ needs an interactive shell to run.

2025/06/12 (13:16:32) | ===> btop++ v.1.4.0
2025/06/12 (13:16:32) | ERROR: No tty detected!
btop++ needs an interactive shell to run.

2025/06/18 (13:53:54) | ===> btop++ v.1.4.0
2025/06/18 (13:53:54) | WARNING: Failed to join _runner thread on exit!

2025/06/18 (13:55:38) | ===> btop++ v.1.4.0
2025/06/18 (13:55:38) | WARNING: Failed to join _runner thread on exit!

2025/06/18 (19:16:13) | ===> btop++ v.1.4.0
2025/06/18 (19:16:13) | WARNING: Failed to join _runner thread on exit!

2025/06/28 (00:15:44) | ===> btop++ v.1.4.0
2025/06/28 (00:15:44) | WARNING: Failed to join _runner thread on exit!

2025/06/28 (02:23:56) | ===> btop++ v.1.4.0
2025/06/28 (02:23:56) | WARNING: Failed to join _runner thread on exit!

2025/06/28 (18:28:06) | ===> btop++ v.1.4.0
2025/06/28 (18:28:06) | WARNING: Failed to join _runner thread on exit!

2025/06/30 (13:25:21) | ===> btop++ v.1.4.0
2025/06/30 (13:25:21) | WARNING: Failed to join _runner thread on exit!

2025/06/30 (13:29:00) | ===> btop++ v.1.4.0
2025/06/30 (13:29:00) | WARNING: Failed to join _runner thread on exit!

2025/06/30 (19:35:00) | ===> btop++ v.1.4.0
2025/06/30 (19:35:00) | WARNING: Failed to join _runner thread on exit!

2025/07/09 (15:07:00) | ===> btop++ v.1.4.0
2025/07/09 (15:07:00) | WARNING: Failed to join _runner thread on exit!

2025/07/09 (15:42:43) | ===> btop++ v.1.4.0
2025/07/09 (15:42:43) | WARNING: Failed to join _runner thread on exit!

2025/07/14 (13:53:50) | ===> btop++ v.1.4.0
2025/07/14 (13:53:50) | WARNING: Failed to join _runner thread on exit!

2025/07/16 (15:40:56) | ===> btop++ v.1.4.0
2025/07/16 (15:40:56) | WARNING: Failed to join _runner thread on exit!

2025/07/19 (15:39:45) | ===> btop++ v.1.4.0
2025/07/19 (15:39:45) | WARNING: Failed to join _runner thread on exit!

2025/07/24 (11:54:37) | ===> btop++ v.1.4.0
2025/07/24 (11:54:37) | WARNING: Failed to join _runner thread on exit!

2025/08/04 (00:55:48) | ===> btop++ v.1.4.0
2025/08/04 (00:55:48) | WARNING: Failed to join _runner thread on exit!

2025/08/04 (21:01:16) | ===> btop++ v.1.4.0
2025/08/04 (21:01:16) | WARNING: Failed to join _runner thread on exit!

2025/08/12 (17:16:19) | ===> btop++ v.1.4.0
2025/08/12 (17:16:19) | WARNING: Failed to join _runner thread on exit!

2025/08/25 (19:38:55) | ===> btop++ v.1.4.0
2025/08/25 (19:38:55) | WARNING: Failed to join _runner thread on exit!

2025/08/26 (17:23:49) | ===> btop++ v.1.4.0
2025/08/26 (17:23:49) | WARNING: Failed to join _runner thread on exit!

2025/10/08 (09:31:09) | ===> btop++ v.1.4.0
2025/10/08 (09:31:09) | ERROR: Stall in Runner thread, restarting!

2025/10/10 (14:34:46) | ===> btop++ v.1.4.0
2025/10/10 (14:34:46) | WARNING: Failed to join _runner thread on exit!

2025/10/17 (22:57:16) | ===> btop++ v.1.4.0
2025/10/17 (22:57:16) | WARNING: Failed to join _runner thread on exit!
